// Jest Snapshot v1, https://goo.gl/fbAQLP

exports[`renders correctly 1`] = `
ShallowWrapper {
  "length": 1,
  Symbol(enzyme.__root__): [Circular],
  Symbol(enzyme.__unrendered__): <BanksComponent
    name="Barclays Bank"
    url="https://www.example.com"
/>,
  Symbol(enzyme.__renderer__): Object {
    "batchedUpdates": [Function],
    "getNode": [Function],
    "render": [Function],
    "simulateEvent": [Function],
    "unmount": [Function],
  },
  Symbol(enzyme.__node__): Object {
    "instance": null,
    "key": undefined,
    "nodeType": "class",
    "props": Object {
      "children": <div
        className="banks"
>
        <img
                alt="logo"
                className="banks-logo"
                src="icon.svg"
        />
        <div>
                Barclays Bank
        </div>
</div>,
      "replace": false,
      "to": Object {
        "pathname": "/atms",
        "state": Object {
          "name": "Barclays Bank",
          "url": "https://www.example.com",
        },
      },
    },
    "ref": null,
    "rendered": Object {
      "instance": null,
      "key": undefined,
      "nodeType": "host",
      "props": Object {
        "children": Array [
          <img
            alt="logo"
            className="banks-logo"
            src="icon.svg"
/>,
          <div>
            Barclays Bank
</div>,
        ],
        "className": "banks",
      },
      "ref": null,
      "rendered": Array [
        Object {
          "instance": null,
          "key": undefined,
          "nodeType": "host",
          "props": Object {
            "alt": "logo",
            "className": "banks-logo",
            "src": "icon.svg",
          },
          "ref": null,
          "rendered": null,
          "type": "img",
        },
        Object {
          "instance": null,
          "key": undefined,
          "nodeType": "host",
          "props": Object {
            "children": "Barclays Bank",
          },
          "ref": null,
          "rendered": "Barclays Bank",
          "type": "div",
        },
      ],
      "type": "div",
    },
    "type": [Function],
  },
  Symbol(enzyme.__nodes__): Array [
    Object {
      "instance": null,
      "key": undefined,
      "nodeType": "class",
      "props": Object {
        "children": <div
          className="banks"
>
          <img
                    alt="logo"
                    className="banks-logo"
                    src="icon.svg"
          />
          <div>
                    Barclays Bank
          </div>
</div>,
        "replace": false,
        "to": Object {
          "pathname": "/atms",
          "state": Object {
            "name": "Barclays Bank",
            "url": "https://www.example.com",
          },
        },
      },
      "ref": null,
      "rendered": Object {
        "instance": null,
        "key": undefined,
        "nodeType": "host",
        "props": Object {
          "children": Array [
            <img
              alt="logo"
              className="banks-logo"
              src="icon.svg"
/>,
            <div>
              Barclays Bank
</div>,
          ],
          "className": "banks",
        },
        "ref": null,
        "rendered": Array [
          Object {
            "instance": null,
            "key": undefined,
            "nodeType": "host",
            "props": Object {
              "alt": "logo",
              "className": "banks-logo",
              "src": "icon.svg",
            },
            "ref": null,
            "rendered": null,
            "type": "img",
          },
          Object {
            "instance": null,
            "key": undefined,
            "nodeType": "host",
            "props": Object {
              "children": "Barclays Bank",
            },
            "ref": null,
            "rendered": "Barclays Bank",
            "type": "div",
          },
        ],
        "type": "div",
      },
      "type": [Function],
    },
  ],
  Symbol(enzyme.__options__): Object {
    "adapter": ReactSixteenAdapter {
      "options": Object {
        "enableComponentDidUpdateOnSetState": true,
      },
    },
    "disableLifecycleMethods": true,
  },
}
`;
